2026-07-24 17:34:18,437 | INFO | Dataset validation successful.
2026-07-24 17:34:18,438 | INFO | CSV file loaded successfully.
2026-07-24 17:34:19,887 | INFO | Text preprocessing completed.
2026-07-24 17:34:19,887 | INFO | Text preprocessing completed.
2026-07-24 17:34:19,887 | INFO | Text preprocessing completed.
2026-07-24 17:34:19,888 | INFO | Text preprocessing completed.
2026-07-24 17:34:19,888 | INFO | Text preprocessing completed.
2026-07-24 17:34:19,888 | INFO | Text preprocessing completed.
2026-07-24 17:34:19,888 | INFO | Text preprocessing completed.
2026-07-24 17:34:19,888 | INFO | Text preprocessing completed.
2026-07-24 17:34:19,894 | INFO | Text preprocessing completed.
2026-07-24 17:34:19,894 | INFO | Text preprocessing completed.
2026-07-24 17:34:19,895 | INFO | Text preprocessing completed.
2026-07-24 17:34:19,895 | INFO | Text preprocessing completed.
2026-07-24 17:34:19,896 | INFO | Text preprocessing completed.
2026-07-24 17:34:19,896 | INFO | Text preprocessing completed.
2026-07-24 17:34:19,896 | INFO | Text preprocessing completed.
2026-07-24 17:34:19,897 | INFO | Text preprocessing completed.
2026-07-24 17:34:19,897 | INFO | Text preprocessing completed.
2026-07-24 17:34:19,898 | INFO | Text preprocessing completed.
2026-07-24 17:34:19,898 | INFO | Text preprocessing completed.
2026-07-24 17:34:19,898 | INFO | Text preprocessing completed.
2026-07-24 17:34:19,898 | INFO | Text preprocessing completed.
2026-07-24 17:34:19,899 | INFO | Text preprocessing completed.
2026-07-24 17:34:19,899 | INFO | Text preprocessing completed.
2026-07-24 17:34:19,899 | INFO | Text preprocessing completed.
2026-07-24 17:34:19,899 | INFO | Text preprocessing completed.
2026-07-24 17:34:19,902 | INFO | DataFrame preprocessing completed.
2026-07-24 17:39:10,253 | INFO | Dataset validation successful.
2026-07-24 17:39:10,254 | INFO | CSV file loaded successfully.
2026-07-24 17:39:11,640 | INFO | Text preprocessing completed.
2026-07-24 17:39:11,641 | INFO | Text preprocessing completed.
2026-07-24 17:39:11,641 | INFO | Text preprocessing completed.
2026-07-24 17:39:11,641 | INFO | Text preprocessing completed.
2026-07-24 17:39:11,641 | INFO | Text preprocessing completed.
2026-07-24 17:39:11,641 | INFO | Text preprocessing completed.
2026-07-24 17:39:11,642 | INFO | Text preprocessing completed.
2026-07-24 17:39:11,642 | INFO | Text preprocessing completed.
2026-07-24 17:39:11,642 | INFO | Text preprocessing completed.
2026-07-24 17:39:11,642 | INFO | Text preprocessing completed.
2026-07-24 17:39:11,642 | INFO | Text preprocessing completed.
2026-07-24 17:39:11,642 | INFO | Text preprocessing completed.
2026-07-24 17:39:11,643 | INFO | Text preprocessing completed.
2026-07-24 17:39:11,643 | INFO | Text preprocessing completed.
2026-07-24 17:39:11,643 | INFO | Text preprocessing completed.
2026-07-24 17:39:11,643 | INFO | Text preprocessing completed.
2026-07-24 17:39:11,643 | INFO | Text preprocessing completed.
2026-07-24 17:39:11,644 | INFO | Text preprocessing completed.
2026-07-24 17:39:11,644 | INFO | Text preprocessing completed.
2026-07-24 17:39:11,644 | INFO | Text preprocessing completed.
2026-07-24 17:39:11,644 | INFO | Text preprocessing completed.
2026-07-24 17:39:11,644 | INFO | Text preprocessing completed.
2026-07-24 17:39:11,644 | INFO | Text preprocessing completed.
2026-07-24 17:39:11,644 | INFO | Text preprocessing completed.
2026-07-24 17:39:11,645 | INFO | Text preprocessing completed.
2026-07-24 17:39:11,645 | INFO | DataFrame preprocessing completed.
2026-07-24 17:39:11,791 | INFO | Text tokenized successfully.
2026-07-24 17:39:11,792 | INFO | Text tokenized successfully.
2026-07-24 17:39:11,792 | INFO | Text tokenized successfully.
2026-07-24 17:39:11,792 | INFO | Text tokenized successfully.
2026-07-24 17:39:11,792 | INFO | Text tokenized successfully.
2026-07-24 17:39:11,792 | INFO | Text tokenized successfully.
2026-07-24 17:39:11,793 | INFO | Text tokenized successfully.
2026-07-24 17:39:11,793 | INFO | Text tokenized successfully.
2026-07-24 17:39:11,793 | INFO | Text tokenized successfully.
2026-07-24 17:39:11,793 | INFO | Text tokenized successfully.
2026-07-24 17:39:11,793 | INFO | Text tokenized successfully.
2026-07-24 17:39:11,793 | INFO | Text tokenized successfully.
2026-07-24 17:39:11,794 | INFO | Text tokenized successfully.
2026-07-24 17:39:11,794 | INFO | Text tokenized successfully.
2026-07-24 17:39:11,794 | INFO | Text tokenized successfully.
2026-07-24 17:39:11,794 | INFO | Text tokenized successfully.
2026-07-24 17:39:11,794 | INFO | Text tokenized successfully.
2026-07-24 17:39:11,794 | INFO | Text tokenized successfully.
2026-07-24 17:39:11,794 | INFO | Text tokenized successfully.
2026-07-24 17:39:11,794 | INFO | Text tokenized successfully.
2026-07-24 17:39:11,794 | INFO | Text tokenized successfully.
2026-07-24 17:39:11,794 | INFO | Text tokenized successfully.
2026-07-24 17:39:11,794 | INFO | Text tokenized successfully.
2026-07-24 17:39:11,795 | INFO | Text tokenized successfully.
2026-07-24 17:39:11,795 | INFO | Text tokenized successfully.
2026-07-24 17:39:11,795 | INFO | DataFrame tokenization completed.
2026-07-24 17:39:11,795 | INFO | Word frequency calculated.
2026-07-24 17:39:12,554 | INFO | Keyword extraction completed.
2026-07-24 17:39:12,579 | INFO | News classification model trained successfully.
2026-07-24 17:39:12,592 | INFO | News classification completed.
2026-07-24 17:39:12,626 | INFO | Sentiment analysis completed.
2026-07-24 17:39:12,629 | INFO | Keyword trends generated.
2026-07-24 17:39:12,630 | INFO | Category trends generated.
2026-07-24 17:39:12,630 | INFO | Sentiment trends generated.
2026-07-24 17:39:12,631 | INFO | Daily news trends generated.
2026-07-24 17:39:12,631 | INFO | Overall trend summary created.
2026-07-24 17:39:13,518 | INFO | Category chart generated.
2026-07-24 17:39:13,602 | INFO | Sentiment chart generated.
2026-07-24 17:39:13,772 | INFO | Daily trend chart generated.
2026-07-24 17:39:13,982 | INFO | Word cloud generated.
2026-07-24 17:39:13,983 | INFO | Report generated successfully.
2026-07-24 17:39:13,986 | INFO | Data saved to data/processed_news.csv
2026-07-24 18:03:56,231 | INFO | Dataset validation successful.
2026-07-24 18:03:56,231 | INFO | CSV file loaded successfully.
2026-07-24 18:05:12,169 | INFO | Dataset validation successful.
2026-07-24 18:05:12,170 | INFO | CSV file loaded successfully.
2026-07-24 18:05:15,345 | INFO | Dataset validation successful.
2026-07-24 18:05:15,346 | INFO | CSV file loaded successfully.
2026-07-24 18:05:21,728 | INFO | Dataset validation successful.
2026-07-24 18:05:21,729 | INFO | CSV file loaded successfully.
2026-07-24 19:43:12,303 | INFO | Dataset validation successful.
2026-07-24 19:43:12,304 | INFO | CSV file loaded successfully.
2026-07-24 19:43:19,248 | INFO | Dataset validation successful.
2026-07-24 19:43:19,249 | INFO | CSV file loaded successfully.
2026-07-24 19:43:23,265 | INFO | Dataset validation successful.
2026-07-24 19:43:23,266 | INFO | CSV file loaded successfully.
2026-07-24 19:43:34,788 | INFO | Dataset validation successful.
2026-07-24 19:43:34,788 | INFO | CSV file loaded successfully.
2026-07-24 19:47:33,973 | INFO | Dataset validation successful.
2026-07-24 19:47:33,974 | INFO | CSV file loaded successfully.
2026-07-24 19:58:09,085 | INFO | Dataset validation successful.
2026-07-24 19:58:09,087 | INFO | CSV file loaded successfully.
2026-07-24 20:45:00,351 | INFO | Dataset validation successful.
2026-07-24 20:45:00,353 | INFO | CSV file loaded successfully.
2026-07-24 20:45:09,881 | INFO | Text preprocessing completed.
2026-07-24 20:45:09,882 | INFO | Text preprocessing completed.
2026-07-24 20:45:09,882 | INFO | Text preprocessing completed.
2026-07-24 20:45:09,883 | INFO | Text preprocessing completed.
2026-07-24 20:45:09,883 | INFO | Text preprocessing completed.
2026-07-24 20:45:09,884 | INFO | Text preprocessing completed.
2026-07-24 20:45:09,884 | INFO | Text preprocessing completed.
2026-07-24 20:45:09,884 | INFO | Text preprocessing completed.
2026-07-24 20:45:09,885 | INFO | Text preprocessing completed.
2026-07-24 20:45:09,885 | INFO | Text preprocessing completed.
2026-07-24 20:45:09,885 | INFO | Text preprocessing completed.
2026-07-24 20:45:09,885 | INFO | Text preprocessing completed.
2026-07-24 20:45:09,885 | INFO | Text preprocessing completed.
2026-07-24 20:45:09,885 | INFO | Text preprocessing completed.
2026-07-24 20:45:09,886 | INFO | Text preprocessing completed.
2026-07-24 20:45:09,886 | INFO | Text preprocessing completed.
2026-07-24 20:45:09,886 | INFO | Text preprocessing completed.
2026-07-24 20:45:09,886 | INFO | Text preprocessing completed.
2026-07-24 20:45:09,886 | INFO | Text preprocessing completed.
2026-07-24 20:45:09,886 | INFO | Text preprocessing completed.
2026-07-24 20:45:09,886 | INFO | Text preprocessing completed.
2026-07-24 20:45:09,886 | INFO | Text preprocessing completed.
2026-07-24 20:45:09,887 | INFO | Text preprocessing completed.
2026-07-24 20:45:09,887 | INFO | Text preprocessing completed.
2026-07-24 20:45:09,887 | INFO | Text preprocessing completed.
2026-07-24 20:45:09,889 | INFO | DataFrame preprocessing completed.
2026-07-24 20:45:09,955 | INFO | Text tokenized successfully.
2026-07-24 20:45:09,956 | INFO | Text tokenized successfully.
2026-07-24 20:45:09,956 | INFO | Text tokenized successfully.
2026-07-24 20:45:09,956 | INFO | Text tokenized successfully.
2026-07-24 20:45:09,956 | INFO | Text tokenized successfully.
2026-07-24 20:45:09,956 | INFO | Text tokenized successfully.
2026-07-24 20:45:09,956 | INFO | Text tokenized successfully.
2026-07-24 20:45:09,956 | INFO | Text tokenized successfully.
2026-07-24 20:45:09,956 | INFO | Text tokenized successfully.
2026-07-24 20:45:09,957 | INFO | Text tokenized successfully.
2026-07-24 20:45:09,957 | INFO | Text tokenized successfully.
2026-07-24 20:45:09,957 | INFO | Text tokenized successfully.
2026-07-24 20:45:09,957 | INFO | Text tokenized successfully.
2026-07-24 20:45:09,957 | INFO | Text tokenized successfully.
2026-07-24 20:45:09,957 | INFO | Text tokenized successfully.
2026-07-24 20:45:09,957 | INFO | Text tokenized successfully.
2026-07-24 20:45:09,957 | INFO | Text tokenized successfully.
2026-07-24 20:45:09,957 | INFO | Text tokenized successfully.
2026-07-24 20:45:09,958 | INFO | Text tokenized successfully.
2026-07-24 20:45:09,958 | INFO | Text tokenized successfully.
2026-07-24 20:45:09,958 | INFO | Text tokenized successfully.
2026-07-24 20:45:09,958 | INFO | Text tokenized successfully.
2026-07-24 20:45:09,958 | INFO | Text tokenized successfully.
2026-07-24 20:45:09,958 | INFO | Text tokenized successfully.
2026-07-24 20:45:09,958 | INFO | Text tokenized successfully.
2026-07-24 20:45:09,959 | INFO | DataFrame tokenization completed.
2026-07-24 20:45:10,253 | INFO | Keyword extraction completed.
2026-07-24 20:45:10,285 | INFO | News classification model trained successfully.
2026-07-24 20:57:15,856 | INFO | Dataset validation successful.
2026-07-24 20:57:15,857 | INFO | CSV file loaded successfully.
2026-07-24 20:57:24,253 | INFO | Text preprocessing completed.
2026-07-24 20:57:24,254 | INFO | Text preprocessing completed.
2026-07-24 20:57:24,254 | INFO | Text preprocessing completed.
2026-07-24 20:57:24,255 | INFO | Text preprocessing completed.
2026-07-24 20:57:24,255 | INFO | Text preprocessing completed.
2026-07-24 20:57:24,255 | INFO | Text preprocessing completed.
2026-07-24 20:57:24,256 | INFO | Text preprocessing completed.
2026-07-24 20:57:24,256 | INFO | Text preprocessing completed.
2026-07-24 20:57:24,256 | INFO | Text preprocessing completed.
2026-07-24 20:57:24,256 | INFO | Text preprocessing completed.
2026-07-24 20:57:24,257 | INFO | Text preprocessing completed.
2026-07-24 20:57:24,257 | INFO | Text preprocessing completed.
2026-07-24 20:57:24,258 | INFO | Text preprocessing completed.
2026-07-24 20:57:24,258 | INFO | Text preprocessing completed.
2026-07-24 20:57:24,258 | INFO | Text preprocessing completed.
2026-07-24 20:57:24,259 | INFO | Text preprocessing completed.
2026-07-24 20:57:24,259 | INFO | Text preprocessing completed.
2026-07-24 20:57:24,259 | INFO | Text preprocessing completed.
2026-07-24 20:57:24,259 | INFO | Text preprocessing completed.
2026-07-24 20:57:24,260 | INFO | Text preprocessing completed.
2026-07-24 20:57:24,260 | INFO | Text preprocessing completed.
2026-07-24 20:57:24,261 | INFO | Text preprocessing completed.
2026-07-24 20:57:24,261 | INFO | Text preprocessing completed.
2026-07-24 20:57:24,261 | INFO | Text preprocessing completed.
2026-07-24 20:57:24,261 | INFO | Text preprocessing completed.
2026-07-24 20:57:24,262 | INFO | DataFrame preprocessing completed.
2026-07-24 20:57:24,288 | INFO | Text tokenized successfully.
2026-07-24 20:57:24,289 | INFO | Text tokenized successfully.
2026-07-24 20:57:24,289 | INFO | Text tokenized successfully.
2026-07-24 20:57:24,289 | INFO | Text tokenized successfully.
2026-07-24 20:57:24,289 | INFO | Text tokenized successfully.
2026-07-24 20:57:24,289 | INFO | Text tokenized successfully.
2026-07-24 20:57:24,289 | INFO | Text tokenized successfully.
2026-07-24 20:57:24,289 | INFO | Text tokenized successfully.
2026-07-24 20:57:24,290 | INFO | Text tokenized successfully.
2026-07-24 20:57:24,290 | INFO | Text tokenized successfully.
2026-07-24 20:57:24,290 | INFO | Text tokenized successfully.
2026-07-24 20:57:24,290 | INFO | Text tokenized successfully.
2026-07-24 20:57:24,290 | INFO | Text tokenized successfully.
2026-07-24 20:57:24,290 | INFO | Text tokenized successfully.
2026-07-24 20:57:24,291 | INFO | Text tokenized successfully.
2026-07-24 20:57:24,291 | INFO | Text tokenized successfully.
2026-07-24 20:57:24,291 | INFO | Text tokenized successfully.
2026-07-24 20:57:24,291 | INFO | Text tokenized successfully.
2026-07-24 20:57:24,291 | INFO | Text tokenized successfully.
2026-07-24 20:57:24,291 | INFO | Text tokenized successfully.
2026-07-24 20:57:24,292 | INFO | Text tokenized successfully.
2026-07-24 20:57:24,292 | INFO | Text tokenized successfully.
2026-07-24 20:57:24,292 | INFO | Text tokenized successfully.
2026-07-24 20:57:24,292 | INFO | Text tokenized successfully.
2026-07-24 20:57:24,292 | INFO | Text tokenized successfully.
2026-07-24 20:57:24,293 | INFO | DataFrame tokenization completed.
2026-07-24 20:57:24,327 | INFO | Keyword extraction completed.
2026-07-24 20:57:24,346 | INFO | News classification model trained successfully.
2026-07-24 21:02:11,019 | INFO | Dataset validation successful.
2026-07-24 21:02:11,020 | INFO | CSV file loaded successfully.
2026-07-24 21:02:28,464 | INFO | Text preprocessing completed.
2026-07-24 21:02:28,465 | INFO | Text preprocessing completed.
2026-07-24 21:02:28,466 | INFO | Text preprocessing completed.
2026-07-24 21:02:28,466 | INFO | Text preprocessing completed.
2026-07-24 21:02:28,467 | INFO | Text preprocessing completed.
2026-07-24 21:02:28,468 | INFO | Text preprocessing completed.
2026-07-24 21:02:28,468 | INFO | Text preprocessing completed.
2026-07-24 21:02:28,469 | INFO | Text preprocessing completed.
2026-07-24 21:02:28,469 | INFO | Text preprocessing completed.
2026-07-24 21:02:28,470 | INFO | Text preprocessing completed.
2026-07-24 21:02:28,471 | INFO | Text preprocessing completed.
2026-07-24 21:02:28,472 | INFO | Text preprocessing completed.
2026-07-24 21:02:28,473 | INFO | Text preprocessing completed.
2026-07-24 21:02:28,474 | INFO | Text preprocessing completed.
2026-07-24 21:02:28,475 | INFO | Text preprocessing completed.
2026-07-24 21:02:28,476 | INFO | Text preprocessing completed.
2026-07-24 21:02:28,477 | INFO | Text preprocessing completed.
2026-07-24 21:02:28,477 | INFO | Text preprocessing completed.
2026-07-24 21:02:28,479 | INFO | Text preprocessing completed.
2026-07-24 21:02:28,480 | INFO | Text preprocessing completed.
2026-07-24 21:02:28,480 | INFO | Text preprocessing completed.
2026-07-24 21:02:28,481 | INFO | Text preprocessing completed.
2026-07-24 21:02:28,482 | INFO | Text preprocessing completed.
2026-07-24 21:02:28,483 | INFO | Text preprocessing completed.
2026-07-24 21:02:28,484 | INFO | Text preprocessing completed.
2026-07-24 21:02:28,485 | INFO | DataFrame preprocessing completed.
2026-07-24 21:02:28,510 | INFO | Text tokenized successfully.
2026-07-24 21:02:28,510 | INFO | Text tokenized successfully.
2026-07-24 21:02:28,510 | INFO | Text tokenized successfully.
2026-07-24 21:02:28,510 | INFO | Text tokenized successfully.
2026-07-24 21:02:28,510 | INFO | Text tokenized successfully.
2026-07-24 21:02:28,510 | INFO | Text tokenized successfully.
2026-07-24 21:02:28,511 | INFO | Text tokenized successfully.
2026-07-24 21:02:28,511 | INFO | Text tokenized successfully.
2026-07-24 21:02:28,511 | INFO | Text tokenized successfully.
2026-07-24 21:02:28,511 | INFO | Text tokenized successfully.
2026-07-24 21:02:28,511 | INFO | Text tokenized successfully.
2026-07-24 21:02:28,511 | INFO | Text tokenized successfully.
2026-07-24 21:02:28,511 | INFO | Text tokenized successfully.
2026-07-24 21:02:28,512 | INFO | Text tokenized successfully.
2026-07-24 21:02:28,512 | INFO | Text tokenized successfully.
2026-07-24 21:02:28,512 | INFO | Text tokenized successfully.
2026-07-24 21:02:28,512 | INFO | Text tokenized successfully.
2026-07-24 21:02:28,512 | INFO | Text tokenized successfully.
2026-07-24 21:02:28,512 | INFO | Text tokenized successfully.
2026-07-24 21:02:28,512 | INFO | Text tokenized successfully.
2026-07-24 21:02:28,512 | INFO | Text tokenized successfully.
2026-07-24 21:02:28,512 | INFO | Text tokenized successfully.
2026-07-24 21:02:28,513 | INFO | Text tokenized successfully.
2026-07-24 21:02:28,513 | INFO | Text tokenized successfully.
2026-07-24 21:02:28,513 | INFO | Text tokenized successfully.
2026-07-24 21:02:28,513 | INFO | DataFrame tokenization completed.
2026-07-24 21:02:28,544 | INFO | Keyword extraction completed.
2026-07-24 21:02:28,562 | INFO | News classification model trained successfully.
2026-07-24 21:24:19,441 | INFO | Dataset validation successful.
2026-07-24 21:24:19,443 | INFO | CSV file loaded successfully.
2026-07-24 21:24:26,123 | INFO | Text preprocessing completed.
2026-07-24 21:24:26,124 | INFO | Text preprocessing completed.
2026-07-24 21:24:26,124 | INFO | Text preprocessing completed.
2026-07-24 21:24:26,124 | INFO | Text preprocessing completed.
2026-07-24 21:24:26,125 | INFO | Text preprocessing completed.
2026-07-24 21:24:26,125 | INFO | Text preprocessing completed.
2026-07-24 21:24:26,125 | INFO | Text preprocessing completed.
2026-07-24 21:24:26,126 | INFO | Text preprocessing completed.
2026-07-24 21:24:26,126 | INFO | Text preprocessing completed.
2026-07-24 21:24:26,126 | INFO | Text preprocessing completed.
2026-07-24 21:24:26,127 | INFO | Text preprocessing completed.
2026-07-24 21:24:26,127 | INFO | Text preprocessing completed.
2026-07-24 21:24:26,128 | INFO | Text preprocessing completed.
2026-07-24 21:24:26,129 | INFO | Text preprocessing completed.
2026-07-24 21:24:26,129 | INFO | Text preprocessing completed.
2026-07-24 21:24:26,133 | INFO | Text preprocessing completed.
2026-07-24 21:24:26,140 | INFO | Text preprocessing completed.
2026-07-24 21:24:26,143 | INFO | Text preprocessing completed.
2026-07-24 21:24:26,144 | INFO | Text preprocessing completed.
2026-07-24 21:24:26,145 | INFO | Text preprocessing completed.
2026-07-24 21:24:26,146 | INFO | Text preprocessing completed.
2026-07-24 21:24:26,147 | INFO | Text preprocessing completed.
2026-07-24 21:24:26,148 | INFO | Text preprocessing completed.
2026-07-24 21:24:26,149 | INFO | Text preprocessing completed.
2026-07-24 21:24:26,149 | INFO | Text preprocessing completed.
2026-07-24 21:24:26,151 | INFO | DataFrame preprocessing completed.
2026-07-24 21:24:26,175 | INFO | Text tokenized successfully.
2026-07-24 21:24:26,176 | INFO | Text tokenized successfully.
2026-07-24 21:24:26,176 | INFO | Text tokenized successfully.
2026-07-24 21:24:26,177 | INFO | Text tokenized successfully.
2026-07-24 21:24:26,177 | INFO | Text tokenized successfully.
2026-07-24 21:24:26,177 | INFO | Text tokenized successfully.
2026-07-24 21:24:26,178 | INFO | Text tokenized successfully.
2026-07-24 21:24:26,178 | INFO | Text tokenized successfully.
2026-07-24 21:24:26,178 | INFO | Text tokenized successfully.
2026-07-24 21:24:26,178 | INFO | Text tokenized successfully.
2026-07-24 21:24:26,179 | INFO | Text tokenized successfully.
2026-07-24 21:24:26,179 | INFO | Text tokenized successfully.
2026-07-24 21:24:26,179 | INFO | Text tokenized successfully.
2026-07-24 21:24:26,179 | INFO | Text tokenized successfully.
2026-07-24 21:24:26,179 | INFO | Text tokenized successfully.
2026-07-24 21:24:26,180 | INFO | Text tokenized successfully.
2026-07-24 21:24:26,180 | INFO | Text tokenized successfully.
2026-07-24 21:24:26,180 | INFO | Text tokenized successfully.
2026-07-24 21:24:26,180 | INFO | Text tokenized successfully.
2026-07-24 21:24:26,180 | INFO | Text tokenized successfully.
2026-07-24 21:24:26,181 | INFO | Text tokenized successfully.
2026-07-24 21:24:26,181 | INFO | Text tokenized successfully.
2026-07-24 21:24:26,181 | INFO | Text tokenized successfully.
2026-07-24 21:24:26,181 | INFO | Text tokenized successfully.
2026-07-24 21:24:26,181 | INFO | Text tokenized successfully.
2026-07-24 21:24:26,182 | INFO | DataFrame tokenization completed.
2026-07-24 21:24:26,238 | INFO | Keyword extraction completed.
2026-07-24 21:24:26,255 | INFO | News classification model trained successfully.
2026-07-24 21:24:26,351 | INFO | Sentiment analysis completed.
2026-07-24 21:41:08,279 | INFO | Dataset validation successful.
2026-07-24 21:41:08,280 | INFO | CSV file loaded successfully.
2026-07-24 21:41:10,057 | INFO | Text preprocessing completed.
2026-07-24 21:41:10,058 | INFO | Text preprocessing completed.
2026-07-24 21:41:10,058 | INFO | Text preprocessing completed.
2026-07-24 21:41:10,059 | INFO | Text preprocessing completed.
2026-07-24 21:41:10,059 | INFO | Text preprocessing completed.
2026-07-24 21:41:10,060 | INFO | Text preprocessing completed.
2026-07-24 21:41:10,060 | INFO | Text preprocessing completed.
2026-07-24 21:41:10,061 | INFO | Text preprocessing completed.
2026-07-24 21:41:10,061 | INFO | Text preprocessing completed.
2026-07-24 21:41:10,062 | INFO | Text preprocessing completed.
2026-07-24 21:41:10,062 | INFO | Text preprocessing completed.
2026-07-24 21:41:10,063 | INFO | Text preprocessing completed.
2026-07-24 21:41:10,063 | INFO | Text preprocessing completed.
2026-07-24 21:41:10,064 | INFO | Text preprocessing completed.
2026-07-24 21:41:10,065 | INFO | Text preprocessing completed.
2026-07-24 21:41:10,065 | INFO | Text preprocessing completed.
2026-07-24 21:41:10,066 | INFO | Text preprocessing completed.
2026-07-24 21:41:10,067 | INFO | Text preprocessing completed.
2026-07-24 21:41:10,067 | INFO | Text preprocessing completed.
2026-07-24 21:41:10,068 | INFO | Text preprocessing completed.
2026-07-24 21:41:10,068 | INFO | Text preprocessing completed.
2026-07-24 21:41:10,069 | INFO | Text preprocessing completed.
2026-07-24 21:41:10,070 | INFO | Text preprocessing completed.
2026-07-24 21:41:10,070 | INFO | Text preprocessing completed.
2026-07-24 21:41:10,071 | INFO | Text preprocessing completed.
2026-07-24 21:41:10,072 | INFO | DataFrame preprocessing completed.
2026-07-24 21:41:10,109 | INFO | Text tokenized successfully.
2026-07-24 21:41:10,110 | INFO | Text tokenized successfully.
2026-07-24 21:41:10,110 | INFO | Text tokenized successfully.
2026-07-24 21:41:10,111 | INFO | Text tokenized successfully.
2026-07-24 21:41:10,112 | INFO | Text tokenized successfully.
2026-07-24 21:41:10,112 | INFO | Text tokenized successfully.
2026-07-24 21:41:10,113 | INFO | Text tokenized successfully.
2026-07-24 21:41:10,113 | INFO | Text tokenized successfully.
2026-07-24 21:41:10,114 | INFO | Text tokenized successfully.
2026-07-24 21:41:10,114 | INFO | Text tokenized successfully.
2026-07-24 21:41:10,115 | INFO | Text tokenized successfully.
2026-07-24 21:41:10,116 | INFO | Text tokenized successfully.
2026-07-24 21:41:10,117 | INFO | Text tokenized successfully.
2026-07-24 21:41:10,117 | INFO | Text tokenized successfully.
2026-07-24 21:41:10,118 | INFO | Text tokenized successfully.
2026-07-24 21:41:10,118 | INFO | Text tokenized successfully.
2026-07-24 21:41:10,118 | INFO | Text tokenized successfully.
2026-07-24 21:41:10,119 | INFO | Text tokenized successfully.
2026-07-24 21:41:10,119 | INFO | Text tokenized successfully.
2026-07-24 21:41:10,119 | INFO | Text tokenized successfully.
2026-07-24 21:41:10,120 | INFO | Text tokenized successfully.
2026-07-24 21:41:10,120 | INFO | Text tokenized successfully.
2026-07-24 21:41:10,120 | INFO | Text tokenized successfully.
2026-07-24 21:41:10,120 | INFO | Text tokenized successfully.
2026-07-24 21:41:10,121 | INFO | Text tokenized successfully.
2026-07-24 21:41:10,122 | INFO | DataFrame tokenization completed.
2026-07-24 21:41:10,122 | INFO | Word frequency calculated.
2026-07-24 21:41:10,169 | INFO | Keyword extraction completed.
2026-07-24 21:41:10,206 | INFO | News classification model trained successfully.
2026-07-24 21:41:10,285 | INFO | News classification completed.
2026-07-24 21:41:10,317 | INFO | Sentiment analysis completed.
2026-07-24 21:41:10,323 | INFO | Keyword trends generated.
2026-07-24 21:41:10,324 | INFO | Category trends generated.
2026-07-24 21:41:10,325 | INFO | Sentiment trends generated.
2026-07-24 21:41:10,326 | INFO | Daily news trends generated.
2026-07-24 21:41:10,326 | INFO | Overall trend summary created.
2026-07-24 21:41:10,877 | INFO | Category chart generated.
2026-07-24 21:41:11,033 | INFO | Sentiment chart generated.
2026-07-24 21:41:11,346 | INFO | Daily trend chart generated.
2026-07-24 22:00:21,861 | INFO | Dataset validation successful.
2026-07-24 22:00:21,862 | INFO | CSV file loaded successfully.
2026-07-24 22:00:27,835 | INFO | Text preprocessing completed.
2026-07-24 22:00:27,836 | INFO | Text preprocessing completed.
2026-07-24 22:00:27,837 | INFO | Text preprocessing completed.
2026-07-24 22:00:27,837 | INFO | Text preprocessing completed.
2026-07-24 22:00:27,838 | INFO | Text preprocessing completed.
2026-07-24 22:00:27,838 | INFO | Text preprocessing completed.
2026-07-24 22:00:27,839 | INFO | Text preprocessing completed.
2026-07-24 22:00:27,839 | INFO | Text preprocessing completed.
2026-07-24 22:00:27,839 | INFO | Text preprocessing completed.
2026-07-24 22:00:27,840 | INFO | Text preprocessing completed.
2026-07-24 22:00:27,840 | INFO | Text preprocessing completed.
2026-07-24 22:00:27,840 | INFO | Text preprocessing completed.
2026-07-24 22:00:27,841 | INFO | Text preprocessing completed.
2026-07-24 22:00:27,841 | INFO | Text preprocessing completed.
2026-07-24 22:00:27,841 | INFO | Text preprocessing completed.
2026-07-24 22:00:27,842 | INFO | Text preprocessing completed.
2026-07-24 22:00:27,843 | INFO | Text preprocessing completed.
2026-07-24 22:00:27,843 | INFO | Text preprocessing completed.
2026-07-24 22:00:27,844 | INFO | Text preprocessing completed.
2026-07-24 22:00:27,844 | INFO | Text preprocessing completed.
2026-07-24 22:00:27,845 | INFO | Text preprocessing completed.
2026-07-24 22:00:27,846 | INFO | Text preprocessing completed.
2026-07-24 22:00:27,847 | INFO | Text preprocessing completed.
2026-07-24 22:00:27,847 | INFO | Text preprocessing completed.
2026-07-24 22:00:27,848 | INFO | Text preprocessing completed.
2026-07-24 22:00:27,849 | INFO | DataFrame preprocessing completed.
2026-07-24 22:00:27,878 | INFO | Text tokenized successfully.
2026-07-24 22:00:27,879 | INFO | Text tokenized successfully.
2026-07-24 22:00:27,879 | INFO | Text tokenized successfully.
2026-07-24 22:00:27,879 | INFO | Text tokenized successfully.
2026-07-24 22:00:27,880 | INFO | Text tokenized successfully.
2026-07-24 22:00:27,880 | INFO | Text tokenized successfully.
2026-07-24 22:00:27,880 | INFO | Text tokenized successfully.
2026-07-24 22:00:27,880 | INFO | Text tokenized successfully.
2026-07-24 22:00:27,881 | INFO | Text tokenized successfully.
2026-07-24 22:00:27,881 | INFO | Text tokenized successfully.
2026-07-24 22:00:27,881 | INFO | Text tokenized successfully.
2026-07-24 22:00:27,882 | INFO | Text tokenized successfully.
2026-07-24 22:00:27,882 | INFO | Text tokenized successfully.
2026-07-24 22:00:27,882 | INFO | Text tokenized successfully.
2026-07-24 22:00:27,882 | INFO | Text tokenized successfully.
2026-07-24 22:00:27,883 | INFO | Text tokenized successfully.
2026-07-24 22:00:27,883 | INFO | Text tokenized successfully.
2026-07-24 22:00:27,883 | INFO | Text tokenized successfully.
2026-07-24 22:00:27,883 | INFO | Text tokenized successfully.
2026-07-24 22:00:27,883 | INFO | Text tokenized successfully.
2026-07-24 22:00:27,884 | INFO | Text tokenized successfully.
2026-07-24 22:00:27,884 | INFO | Text tokenized successfully.
2026-07-24 22:00:27,884 | INFO | Text tokenized successfully.
2026-07-24 22:00:27,884 | INFO | Text tokenized successfully.
2026-07-24 22:00:27,884 | INFO | Text tokenized successfully.
2026-07-24 22:00:27,885 | INFO | DataFrame tokenization completed.
2026-07-24 22:00:27,922 | INFO | Keyword extraction completed.
2026-07-24 22:00:27,941 | INFO | News classification model trained successfully.
2026-07-24 22:00:27,960 | INFO | Sentiment analysis completed.
2026-07-24 22:00:34,341 | INFO | Category chart generated.
2026-07-24 22:00:34,428 | INFO | Sentiment chart generated.
2026-07-24 22:57:40,121 | INFO | Dataset validation successful.
2026-07-24 22:57:40,122 | INFO | CSV file loaded successfully.
2026-07-24 22:57:49,595 | INFO | Category chart generated.
2026-07-24 22:57:49,595 | ERROR | Sentiment column not found.
2026-07-24 22:57:53,335 | INFO | Category chart generated.
2026-07-24 22:57:53,336 | ERROR | Sentiment column not found.
2026-07-24 22:58:00,257 | INFO | Category chart generated.
2026-07-24 22:58:00,257 | ERROR | Sentiment column not found.
2026-07-24 22:59:31,636 | INFO | Dataset validation successful.
2026-07-24 22:59:31,636 | INFO | CSV file loaded successfully.
2026-07-24 23:00:51,193 | INFO | Category chart generated.
2026-07-24 23:00:51,194 | ERROR | Sentiment column not found.
2026-07-24 23:00:58,781 | INFO | Category chart generated.
2026-07-24 23:00:58,782 | ERROR | Sentiment column not found.
2026-07-24 23:18:39,294 | INFO | Dataset validation successful.
2026-07-24 23:18:39,295 | INFO | CSV file loaded successfully.
2026-07-24 23:18:48,890 | INFO | Category chart generated.
2026-07-24 23:18:48,890 | ERROR | Sentiment column not found.
2026-07-24 23:18:52,709 | INFO | Category chart generated.
2026-07-24 23:18:52,710 | ERROR | Sentiment column not found.
2026-07-24 23:18:54,818 | INFO | Category chart generated.
2026-07-24 23:18:54,819 | ERROR | Sentiment column not found.
2026-07-24 23:19:00,993 | INFO | Dataset validation successful.
2026-07-24 23:19:00,994 | INFO | CSV file loaded successfully.
2026-07-24 23:23:26,042 | INFO | Dataset validation successful.
2026-07-24 23:23:26,043 | INFO | CSV file loaded successfully.
2026-07-24 23:26:46,105 | INFO | Dataset validation successful.
2026-07-24 23:26:46,107 | INFO | CSV file loaded successfully.
2026-07-24 23:26:51,124 | INFO | Text preprocessing completed.
2026-07-24 23:26:51,124 | INFO | Text preprocessing completed.
2026-07-24 23:26:51,125 | INFO | Text preprocessing completed.
2026-07-24 23:26:51,125 | INFO | Text preprocessing completed.
2026-07-24 23:26:51,125 | INFO | Text preprocessing completed.
2026-07-24 23:26:51,125 | INFO | Text preprocessing completed.
2026-07-24 23:26:51,125 | INFO | Text preprocessing completed.
2026-07-24 23:26:51,126 | INFO | Text preprocessing completed.
2026-07-24 23:26:51,126 | INFO | Text preprocessing completed.
2026-07-24 23:26:51,126 | INFO | Text preprocessing completed.
2026-07-24 23:26:51,126 | INFO | Text preprocessing completed.
2026-07-24 23:26:51,127 | INFO | Text preprocessing completed.
2026-07-24 23:26:51,127 | INFO | Text preprocessing completed.
2026-07-24 23:26:51,127 | INFO | Text preprocessing completed.
2026-07-24 23:26:51,127 | INFO | Text preprocessing completed.
2026-07-24 23:26:51,127 | INFO | Text preprocessing completed.
2026-07-24 23:26:51,128 | INFO | Text preprocessing completed.
2026-07-24 23:26:51,128 | INFO | Text preprocessing completed.
2026-07-24 23:26:51,128 | INFO | Text preprocessing completed.
2026-07-24 23:26:51,128 | INFO | Text preprocessing completed.
2026-07-24 23:26:51,128 | INFO | Text preprocessing completed.
2026-07-24 23:26:51,128 | INFO | Text preprocessing completed.
2026-07-24 23:26:51,128 | INFO | Text preprocessing completed.
2026-07-24 23:26:51,128 | INFO | Text preprocessing completed.
2026-07-24 23:26:51,128 | INFO | Text preprocessing completed.
2026-07-24 23:26:51,129 | INFO | DataFrame preprocessing completed.
2026-07-24 23:26:51,158 | INFO | Text tokenized successfully.
2026-07-24 23:26:51,158 | INFO | Text tokenized successfully.
2026-07-24 23:26:51,158 | INFO | Text tokenized successfully.
2026-07-24 23:26:51,159 | INFO | Text tokenized successfully.
2026-07-24 23:26:51,159 | INFO | Text tokenized successfully.
2026-07-24 23:26:51,159 | INFO | Text tokenized successfully.
2026-07-24 23:26:51,159 | INFO | Text tokenized successfully.
2026-07-24 23:26:51,159 | INFO | Text tokenized successfully.
2026-07-24 23:26:51,159 | INFO | Text tokenized successfully.
2026-07-24 23:26:51,159 | INFO | Text tokenized successfully.
2026-07-24 23:26:51,159 | INFO | Text tokenized successfully.
2026-07-24 23:26:51,160 | INFO | Text tokenized successfully.
2026-07-24 23:26:51,160 | INFO | Text tokenized successfully.
2026-07-24 23:26:51,160 | INFO | Text tokenized successfully.
2026-07-24 23:26:51,160 | INFO | Text tokenized successfully.
2026-07-24 23:26:51,160 | INFO | Text tokenized successfully.
2026-07-24 23:26:51,160 | INFO | Text tokenized successfully.
2026-07-24 23:26:51,160 | INFO | Text tokenized successfully.
2026-07-24 23:26:51,161 | INFO | Text tokenized successfully.
2026-07-24 23:26:51,161 | INFO | Text tokenized successfully.
2026-07-24 23:26:51,161 | INFO | Text tokenized successfully.
2026-07-24 23:26:51,161 | INFO | Text tokenized successfully.
2026-07-24 23:26:51,161 | INFO | Text tokenized successfully.
2026-07-24 23:26:51,161 | INFO | Text tokenized successfully.
2026-07-24 23:26:51,161 | INFO | Text tokenized successfully.
2026-07-24 23:26:51,162 | INFO | DataFrame tokenization completed.
2026-07-24 23:37:21,627 | INFO | Dataset validation successful.
2026-07-24 23:37:21,628 | INFO | CSV file loaded successfully.
2026-07-24 23:37:27,300 | INFO | Text preprocessing completed.
2026-07-24 23:37:27,301 | INFO | Text preprocessing completed.
2026-07-24 23:37:27,302 | INFO | Text preprocessing completed.
2026-07-24 23:37:27,302 | INFO | Text preprocessing completed.
2026-07-24 23:37:27,302 | INFO | Text preprocessing completed.
2026-07-24 23:37:27,302 | INFO | Text preprocessing completed.
2026-07-24 23:37:27,303 | INFO | Text preprocessing completed.
2026-07-24 23:37:27,303 | INFO | Text preprocessing completed.
2026-07-24 23:37:27,303 | INFO | Text preprocessing completed.
2026-07-24 23:37:27,304 | INFO | Text preprocessing completed.
2026-07-24 23:37:27,304 | INFO | Text preprocessing completed.
2026-07-24 23:37:27,304 | INFO | Text preprocessing completed.
2026-07-24 23:37:27,304 | INFO | Text preprocessing completed.
2026-07-24 23:37:27,304 | INFO | Text preprocessing completed.
2026-07-24 23:37:27,305 | INFO | Text preprocessing completed.
2026-07-24 23:37:27,305 | INFO | Text preprocessing completed.
2026-07-24 23:37:27,305 | INFO | Text preprocessing completed.
2026-07-24 23:37:27,305 | INFO | Text preprocessing completed.
2026-07-24 23:37:27,305 | INFO | Text preprocessing completed.
2026-07-24 23:37:27,305 | INFO | Text preprocessing completed.
2026-07-24 23:37:27,306 | INFO | Text preprocessing completed.
2026-07-24 23:37:27,306 | INFO | Text preprocessing completed.
2026-07-24 23:37:27,306 | INFO | Text preprocessing completed.
2026-07-24 23:37:27,306 | INFO | Text preprocessing completed.
2026-07-24 23:37:27,306 | INFO | Text preprocessing completed.
2026-07-24 23:37:27,307 | INFO | DataFrame preprocessing completed.
2026-07-24 23:37:27,327 | INFO | Text tokenized successfully.
2026-07-24 23:37:27,327 | INFO | Text tokenized successfully.
2026-07-24 23:37:27,327 | INFO | Text tokenized successfully.
2026-07-24 23:37:27,327 | INFO | Text tokenized successfully.
2026-07-24 23:37:27,327 | INFO | Text tokenized successfully.
2026-07-24 23:37:27,327 | INFO | Text tokenized successfully.
2026-07-24 23:37:27,328 | INFO | Text tokenized successfully.
2026-07-24 23:37:27,328 | INFO | Text tokenized successfully.
2026-07-24 23:37:27,328 | INFO | Text tokenized successfully.
2026-07-24 23:37:27,328 | INFO | Text tokenized successfully.
2026-07-24 23:37:27,328 | INFO | Text tokenized successfully.
2026-07-24 23:37:27,328 | INFO | Text tokenized successfully.
2026-07-24 23:37:27,328 | INFO | Text tokenized successfully.
2026-07-24 23:37:27,328 | INFO | Text tokenized successfully.
2026-07-24 23:37:27,328 | INFO | Text tokenized successfully.
2026-07-24 23:37:27,329 | INFO | Text tokenized successfully.
2026-07-24 23:37:27,329 | INFO | Text tokenized successfully.
2026-07-24 23:37:27,329 | INFO | Text tokenized successfully.
2026-07-24 23:37:27,329 | INFO | Text tokenized successfully.
2026-07-24 23:37:27,329 | INFO | Text tokenized successfully.
2026-07-24 23:37:27,329 | INFO | Text tokenized successfully.
2026-07-24 23:37:27,329 | INFO | Text tokenized successfully.
2026-07-24 23:37:27,329 | INFO | Text tokenized successfully.
2026-07-24 23:37:27,330 | INFO | Text tokenized successfully.
2026-07-24 23:37:27,330 | INFO | Text tokenized successfully.
2026-07-24 23:37:27,330 | INFO | DataFrame tokenization completed.
2026-07-24 23:39:52,115 | INFO | Dataset validation successful.
2026-07-24 23:39:52,116 | INFO | CSV file loaded successfully.
2026-07-24 23:39:56,511 | INFO | Text preprocessing completed.
2026-07-24 23:39:56,512 | INFO | Text preprocessing completed.
2026-07-24 23:39:56,512 | INFO | Text preprocessing completed.
2026-07-24 23:39:56,512 | INFO | Text preprocessing completed.
2026-07-24 23:39:56,513 | INFO | Text preprocessing completed.
2026-07-24 23:39:56,513 | INFO | Text preprocessing completed.
2026-07-24 23:39:56,513 | INFO | Text preprocessing completed.
2026-07-24 23:39:56,514 | INFO | Text preprocessing completed.
2026-07-24 23:39:56,515 | INFO | Text preprocessing completed.
2026-07-24 23:39:56,516 | INFO | Text preprocessing completed.
2026-07-24 23:39:56,516 | INFO | Text preprocessing completed.
2026-07-24 23:39:56,517 | INFO | Text preprocessing completed.
2026-07-24 23:39:56,517 | INFO | Text preprocessing completed.
2026-07-24 23:39:56,518 | INFO | Text preprocessing completed.
2026-07-24 23:39:56,519 | INFO | Text preprocessing completed.
2026-07-24 23:39:56,519 | INFO | Text preprocessing completed.
2026-07-24 23:39:56,520 | INFO | Text preprocessing completed.
2026-07-24 23:39:56,521 | INFO | Text preprocessing completed.
2026-07-24 23:39:56,521 | INFO | Text preprocessing completed.
2026-07-24 23:39:56,522 | INFO | Text preprocessing completed.
2026-07-24 23:39:56,522 | INFO | Text preprocessing completed.
2026-07-24 23:39:56,523 | INFO | Text preprocessing completed.
2026-07-24 23:39:56,523 | INFO | Text preprocessing completed.
2026-07-24 23:39:56,524 | INFO | Text preprocessing completed.
2026-07-24 23:39:56,524 | INFO | Text preprocessing completed.
2026-07-24 23:39:56,526 | INFO | DataFrame preprocessing completed.
2026-07-24 23:39:56,547 | INFO | Text tokenized successfully.
2026-07-24 23:39:56,548 | INFO | Text tokenized successfully.
2026-07-24 23:39:56,548 | INFO | Text tokenized successfully.
2026-07-24 23:39:56,548 | INFO | Text tokenized successfully.
2026-07-24 23:39:56,549 | INFO | Text tokenized successfully.
2026-07-24 23:39:56,549 | INFO | Text tokenized successfully.
2026-07-24 23:39:56,550 | INFO | Text tokenized successfully.
2026-07-24 23:39:56,550 | INFO | Text tokenized successfully.
2026-07-24 23:39:56,551 | INFO | Text tokenized successfully.
2026-07-24 23:39:56,551 | INFO | Text tokenized successfully.
2026-07-24 23:39:56,551 | INFO | Text tokenized successfully.
2026-07-24 23:39:56,552 | INFO | Text tokenized successfully.
2026-07-24 23:39:56,552 | INFO | Text tokenized successfully.
2026-07-24 23:39:56,552 | INFO | Text tokenized successfully.
2026-07-24 23:39:56,552 | INFO | Text tokenized successfully.
2026-07-24 23:39:56,552 | INFO | Text tokenized successfully.
2026-07-24 23:39:56,553 | INFO | Text tokenized successfully.
2026-07-24 23:39:56,553 | INFO | Text tokenized successfully.
2026-07-24 23:39:56,553 | INFO | Text tokenized successfully.
2026-07-24 23:39:56,553 | INFO | Text tokenized successfully.
2026-07-24 23:39:56,553 | INFO | Text tokenized successfully.
2026-07-24 23:39:56,553 | INFO | Text tokenized successfully.
2026-07-24 23:39:56,554 | INFO | Text tokenized successfully.
2026-07-24 23:39:56,554 | INFO | Text tokenized successfully.
2026-07-24 23:39:56,554 | INFO | Text tokenized successfully.
2026-07-24 23:39:56,554 | INFO | DataFrame tokenization completed.
2026-07-24 23:42:50,472 | INFO | Dataset validation successful.
2026-07-24 23:42:50,474 | INFO | CSV file loaded successfully.
2026-07-24 23:42:55,616 | INFO | Text preprocessing completed.
2026-07-24 23:42:55,617 | INFO | Text preprocessing completed.
2026-07-24 23:42:55,618 | INFO | Text preprocessing completed.
2026-07-24 23:42:55,618 | INFO | Text preprocessing completed.
2026-07-24 23:42:55,618 | INFO | Text preprocessing completed.
2026-07-24 23:42:55,618 | INFO | Text preprocessing completed.
2026-07-24 23:42:55,619 | INFO | Text preprocessing completed.
2026-07-24 23:42:55,619 | INFO | Text preprocessing completed.
2026-07-24 23:42:55,619 | INFO | Text preprocessing completed.
2026-07-24 23:42:55,619 | INFO | Text preprocessing completed.
2026-07-24 23:42:55,620 | INFO | Text preprocessing completed.
2026-07-24 23:42:55,620 | INFO | Text preprocessing completed.
2026-07-24 23:42:55,620 | INFO | Text preprocessing completed.
2026-07-24 23:42:55,620 | INFO | Text preprocessing completed.
2026-07-24 23:42:55,621 | INFO | Text preprocessing completed.
2026-07-24 23:42:55,621 | INFO | Text preprocessing completed.
2026-07-24 23:42:55,621 | INFO | Text preprocessing completed.
2026-07-24 23:42:55,621 | INFO | Text preprocessing completed.
2026-07-24 23:42:55,622 | INFO | Text preprocessing completed.
2026-07-24 23:42:55,622 | INFO | Text preprocessing completed.
2026-07-24 23:42:55,622 | INFO | Text preprocessing completed.
2026-07-24 23:42:55,622 | INFO | Text preprocessing completed.
2026-07-24 23:42:55,623 | INFO | Text preprocessing completed.
2026-07-24 23:42:55,623 | INFO | Text preprocessing completed.
2026-07-24 23:42:55,623 | INFO | Text preprocessing completed.
2026-07-24 23:42:55,624 | INFO | DataFrame preprocessing completed.
2026-07-24 23:42:55,646 | INFO | Text tokenized successfully.
2026-07-24 23:42:55,647 | INFO | Text tokenized successfully.
2026-07-24 23:42:55,647 | INFO | Text tokenized successfully.
2026-07-24 23:42:55,647 | INFO | Text tokenized successfully.
2026-07-24 23:42:55,648 | INFO | Text tokenized successfully.
2026-07-24 23:42:55,648 | INFO | Text tokenized successfully.
2026-07-24 23:42:55,648 | INFO | Text tokenized successfully.
2026-07-24 23:42:55,648 | INFO | Text tokenized successfully.
2026-07-24 23:42:55,649 | INFO | Text tokenized successfully.
2026-07-24 23:42:55,649 | INFO | Text tokenized successfully.
2026-07-24 23:42:55,649 | INFO | Text tokenized successfully.
2026-07-24 23:42:55,649 | INFO | Text tokenized successfully.
2026-07-24 23:42:55,650 | INFO | Text tokenized successfully.
2026-07-24 23:42:55,650 | INFO | Text tokenized successfully.
2026-07-24 23:42:55,650 | INFO | Text tokenized successfully.
2026-07-24 23:42:55,650 | INFO | Text tokenized successfully.
2026-07-24 23:42:55,650 | INFO | Text tokenized successfully.
2026-07-24 23:42:55,650 | INFO | Text tokenized successfully.
2026-07-24 23:42:55,651 | INFO | Text tokenized successfully.
2026-07-24 23:42:55,651 | INFO | Text tokenized successfully.
2026-07-24 23:42:55,651 | INFO | Text tokenized successfully.
2026-07-24 23:42:55,651 | INFO | Text tokenized successfully.
2026-07-24 23:42:55,651 | INFO | Text tokenized successfully.
2026-07-24 23:42:55,652 | INFO | Text tokenized successfully.
2026-07-24 23:42:55,652 | INFO | Text tokenized successfully.
2026-07-24 23:42:55,652 | INFO | DataFrame tokenization completed.
2026-07-24 23:42:55,701 | INFO | Keyword extraction completed.
2026-07-24 23:42:55,727 | INFO | News classification model trained successfully.
2026-07-24 23:42:55,737 | INFO | News classification completed.
2026-07-24 23:42:55,755 | INFO | Sentiment analysis completed.
2026-07-24 23:43:09,322 | INFO | Category chart generated.
2026-07-24 23:43:09,395 | INFO | Sentiment chart generated.
2026-07-24 23:43:16,109 | INFO | Category chart generated.
2026-07-24 23:43:16,178 | INFO | Sentiment chart generated.
2026-07-24 23:43:16,589 | INFO | Word cloud generated.
2026-07-24 23:43:19,938 | INFO | Category chart generated.
2026-07-24 23:43:20,003 | INFO | Sentiment chart generated.
2026-07-24 23:43:20,419 | INFO | Word cloud generated.
2026-07-24 23:43:23,267 | INFO | Category chart generated.
2026-07-24 23:43:23,334 | INFO | Sentiment chart generated.
2026-07-24 23:43:23,758 | INFO | Word cloud generated.
2026-07-24 23:43:31,272 | INFO | Category chart generated.
2026-07-24 23:43:31,340 | INFO | Sentiment chart generated.
2026-07-24 23:43:31,756 | INFO | Word cloud generated.
2026-07-24 23:43:42,026 | INFO | Word cloud generated.
2026-07-24 23:47:11,101 | INFO | Dataset validation successful.
2026-07-24 23:47:11,101 | INFO | CSV file loaded successfully.
2026-07-24 23:47:12,571 | INFO | Text preprocessing completed.
2026-07-24 23:47:12,572 | INFO | Text preprocessing completed.
2026-07-24 23:47:12,573 | INFO | Text preprocessing completed.
2026-07-24 23:47:12,573 | INFO | Text preprocessing completed.
2026-07-24 23:47:12,574 | INFO | Text preprocessing completed.
2026-07-24 23:47:12,574 | INFO | Text preprocessing completed.
2026-07-24 23:47:12,574 | INFO | Text preprocessing completed.
2026-07-24 23:47:12,575 | INFO | Text preprocessing completed.
2026-07-24 23:47:12,575 | INFO | Text preprocessing completed.
2026-07-24 23:47:12,575 | INFO | Text preprocessing completed.
2026-07-24 23:47:12,575 | INFO | Text preprocessing completed.
2026-07-24 23:47:12,576 | INFO | Text preprocessing completed.
2026-07-24 23:47:12,576 | INFO | Text preprocessing completed.
2026-07-24 23:47:12,576 | INFO | Text preprocessing completed.
2026-07-24 23:47:12,577 | INFO | Text preprocessing completed.
2026-07-24 23:47:12,577 | INFO | Text preprocessing completed.
2026-07-24 23:47:12,577 | INFO | Text preprocessing completed.
2026-07-24 23:47:12,579 | INFO | Text preprocessing completed.
2026-07-24 23:47:12,579 | INFO | Text preprocessing completed.
2026-07-24 23:47:12,580 | INFO | Text preprocessing completed.
2026-07-24 23:47:12,580 | INFO | Text preprocessing completed.
2026-07-24 23:47:12,581 | INFO | Text preprocessing completed.
2026-07-24 23:47:12,581 | INFO | Text preprocessing completed.
2026-07-24 23:47:12,582 | INFO | Text preprocessing completed.
2026-07-24 23:47:12,583 | INFO | Text preprocessing completed.
2026-07-24 23:47:12,584 | INFO | DataFrame preprocessing completed.
2026-07-24 23:47:12,607 | INFO | Text tokenized successfully.
2026-07-24 23:47:12,607 | INFO | Text tokenized successfully.
2026-07-24 23:47:12,608 | INFO | Text tokenized successfully.
2026-07-24 23:47:12,608 | INFO | Text tokenized successfully.
2026-07-24 23:47:12,608 | INFO | Text tokenized successfully.
2026-07-24 23:47:12,608 | INFO | Text tokenized successfully.
2026-07-24 23:47:12,609 | INFO | Text tokenized successfully.
2026-07-24 23:47:12,609 | INFO | Text tokenized successfully.
2026-07-24 23:47:12,609 | INFO | Text tokenized successfully.
2026-07-24 23:47:12,609 | INFO | Text tokenized successfully.
2026-07-24 23:47:12,610 | INFO | Text tokenized successfully.
2026-07-24 23:47:12,610 | INFO | Text tokenized successfully.
2026-07-24 23:47:12,610 | INFO | Text tokenized successfully.
2026-07-24 23:47:12,610 | INFO | Text tokenized successfully.
2026-07-24 23:47:12,611 | INFO | Text tokenized successfully.
2026-07-24 23:47:12,611 | INFO | Text tokenized successfully.
2026-07-24 23:47:12,611 | INFO | Text tokenized successfully.
2026-07-24 23:47:12,611 | INFO | Text tokenized successfully.
2026-07-24 23:47:12,611 | INFO | Text tokenized successfully.
2026-07-24 23:47:12,611 | INFO | Text tokenized successfully.
2026-07-24 23:47:12,611 | INFO | Text tokenized successfully.
2026-07-24 23:47:12,611 | INFO | Text tokenized successfully.
2026-07-24 23:47:12,612 | INFO | Text tokenized successfully.
2026-07-24 23:47:12,612 | INFO | Text tokenized successfully.
2026-07-24 23:47:12,612 | INFO | Text tokenized successfully.
2026-07-24 23:47:12,612 | INFO | DataFrame tokenization completed.
2026-07-24 23:47:12,613 | INFO | Word frequency calculated.
2026-07-24 23:47:12,640 | INFO | Keyword extraction completed.
2026-07-24 23:47:12,658 | INFO | News classification model trained successfully.
2026-07-24 23:47:12,672 | INFO | News classification completed.
2026-07-24 23:47:12,691 | INFO | Sentiment analysis completed.
2026-07-24 23:47:12,692 | INFO | Keyword trends generated.
2026-07-24 23:47:12,693 | INFO | Category trends generated.
2026-07-24 23:47:12,693 | INFO | Sentiment trends generated.
2026-07-24 23:47:12,694 | INFO | Daily news trends generated.
2026-07-24 23:47:12,694 | INFO | Overall trend summary created.
2026-07-24 23:47:12,911 | INFO | Category chart generated.
2026-07-24 23:47:13,003 | INFO | Sentiment chart generated.
2026-07-24 23:47:13,166 | INFO | Daily trend chart generated.
2026-07-24 23:48:13,097 | INFO | Word cloud generated.
2026-07-24 23:48:13,101 | INFO | Report generated successfully.
2026-07-24 23:48:13,119 | INFO | Data saved to data/processed_news.csv
2026-07-25 10:01:34,106 | INFO | Dataset validation successful.
2026-07-25 10:01:34,107 | INFO | CSV file loaded successfully.
2026-07-25 10:01:35,819 | INFO | Text preprocessing completed.
2026-07-25 10:01:35,820 | INFO | Text preprocessing completed.
2026-07-25 10:01:35,820 | INFO | Text preprocessing completed.
2026-07-25 10:01:35,820 | INFO | Text preprocessing completed.
2026-07-25 10:01:35,821 | INFO | Text preprocessing completed.
2026-07-25 10:01:35,821 | INFO | Text preprocessing completed.
2026-07-25 10:01:35,822 | INFO | Text preprocessing completed.
2026-07-25 10:01:35,822 | INFO | Text preprocessing completed.
2026-07-25 10:01:35,822 | INFO | Text preprocessing completed.
2026-07-25 10:01:35,823 | INFO | Text preprocessing completed.
2026-07-25 10:01:35,823 | INFO | Text preprocessing completed.
2026-07-25 10:01:35,824 | INFO | Text preprocessing completed.
2026-07-25 10:01:35,824 | INFO | Text preprocessing completed.
2026-07-25 10:01:35,825 | INFO | Text preprocessing completed.
2026-07-25 10:01:35,826 | INFO | Text preprocessing completed.
2026-07-25 10:01:35,826 | INFO | Text preprocessing completed.
2026-07-25 10:01:35,827 | INFO | Text preprocessing completed.
2026-07-25 10:01:35,828 | INFO | Text preprocessing completed.
2026-07-25 10:01:35,831 | INFO | Text preprocessing completed.
2026-07-25 10:01:35,831 | INFO | Text preprocessing completed.
2026-07-25 10:01:35,832 | INFO | Text preprocessing completed.
2026-07-25 10:01:35,832 | INFO | Text preprocessing completed.
2026-07-25 10:01:35,833 | INFO | Text preprocessing completed.
2026-07-25 10:01:35,833 | INFO | Text preprocessing completed.
2026-07-25 10:01:35,834 | INFO | Text preprocessing completed.
2026-07-25 10:01:35,877 | INFO | DataFrame preprocessing completed.
2026-07-25 10:01:35,919 | INFO | Text tokenized successfully.
2026-07-25 10:01:35,920 | INFO | Text tokenized successfully.
2026-07-25 10:01:35,921 | INFO | Text tokenized successfully.
2026-07-25 10:01:35,921 | INFO | Text tokenized successfully.
2026-07-25 10:01:35,922 | INFO | Text tokenized successfully.
2026-07-25 10:01:35,923 | INFO | Text tokenized successfully.
2026-07-25 10:01:35,923 | INFO | Text tokenized successfully.
2026-07-25 10:01:35,924 | INFO | Text tokenized successfully.
2026-07-25 10:01:35,924 | INFO | Text tokenized successfully.
2026-07-25 10:01:35,924 | INFO | Text tokenized successfully.
2026-07-25 10:01:35,925 | INFO | Text tokenized successfully.
2026-07-25 10:01:35,925 | INFO | Text tokenized successfully.
2026-07-25 10:01:35,925 | INFO | Text tokenized successfully.
2026-07-25 10:01:35,925 | INFO | Text tokenized successfully.
2026-07-25 10:01:35,926 | INFO | Text tokenized successfully.
2026-07-25 10:01:35,926 | INFO | Text tokenized successfully.
2026-07-25 10:01:35,926 | INFO | Text tokenized successfully.
2026-07-25 10:01:35,927 | INFO | Text tokenized successfully.
2026-07-25 10:01:35,927 | INFO | Text tokenized successfully.
2026-07-25 10:01:35,927 | INFO | Text tokenized successfully.
2026-07-25 10:01:35,927 | INFO | Text tokenized successfully.
2026-07-25 10:01:35,927 | INFO | Text tokenized successfully.
2026-07-25 10:01:35,928 | INFO | Text tokenized successfully.
2026-07-25 10:01:35,928 | INFO | Text tokenized successfully.
2026-07-25 10:01:35,929 | INFO | Text tokenized successfully.
2026-07-25 10:01:35,930 | INFO | DataFrame tokenization completed.
2026-07-25 10:01:35,930 | INFO | Word frequency calculated.
2026-07-25 10:01:35,994 | INFO | Keyword extraction completed.
2026-07-25 10:01:36,038 | INFO | News classification model trained successfully.
2026-07-25 10:01:36,056 | INFO | News classification completed.
2026-07-25 10:01:36,092 | INFO | Sentiment analysis completed.
2026-07-25 10:01:36,098 | INFO | Keyword trends generated.
2026-07-25 10:01:36,099 | INFO | Category trends generated.
2026-07-25 10:01:36,100 | INFO | Sentiment trends generated.
2026-07-25 10:01:36,101 | INFO | Daily news trends generated.
2026-07-25 10:01:36,101 | INFO | Overall trend summary created.
2026-07-25 10:01:36,549 | INFO | Category chart generated.
2026-07-25 10:01:36,686 | INFO | Sentiment chart generated.
2026-07-25 10:01:36,931 | INFO | Daily trend chart generated.
2026-07-25 10:01:48,042 | INFO | Word cloud generated.
2026-07-25 10:01:48,044 | INFO | Report generated successfully.
2026-07-25 10:01:48,051 | INFO | Data saved to data/processed_news.csv
2026-07-25 10:43:34,410 | INFO | Dataset validation successful.
2026-07-25 10:43:34,410 | INFO | CSV file loaded successfully.
2026-07-25 10:43:41,099 | INFO | Text preprocessing completed.
2026-07-25 10:43:41,099 | INFO | Text preprocessing completed.
2026-07-25 10:43:41,099 | INFO | Text preprocessing completed.
2026-07-25 10:43:41,099 | INFO | Text preprocessing completed.
2026-07-25 10:43:41,100 | INFO | Text preprocessing completed.
2026-07-25 10:43:41,100 | INFO | Text preprocessing completed.
2026-07-25 10:43:41,100 | INFO | Text preprocessing completed.
2026-07-25 10:43:41,100 | INFO | Text preprocessing completed.
2026-07-25 10:43:41,100 | INFO | Text preprocessing completed.
2026-07-25 10:43:41,101 | INFO | Text preprocessing completed.
2026-07-25 10:43:41,101 | INFO | Text preprocessing completed.
2026-07-25 10:43:41,101 | INFO | Text preprocessing completed.
2026-07-25 10:43:41,101 | INFO | Text preprocessing completed.
2026-07-25 10:43:41,101 | INFO | Text preprocessing completed.
2026-07-25 10:43:41,102 | INFO | Text preprocessing completed.
2026-07-25 10:43:41,102 | INFO | Text preprocessing completed.
2026-07-25 10:43:41,102 | INFO | Text preprocessing completed.
2026-07-25 10:43:41,102 | INFO | Text preprocessing completed.
2026-07-25 10:43:41,102 | INFO | Text preprocessing completed.
2026-07-25 10:43:41,102 | INFO | Text preprocessing completed.
2026-07-25 10:43:41,102 | INFO | Text preprocessing completed.
2026-07-25 10:43:41,103 | INFO | Text preprocessing completed.
2026-07-25 10:43:41,103 | INFO | Text preprocessing completed.
2026-07-25 10:43:41,103 | INFO | Text preprocessing completed.
2026-07-25 10:43:41,103 | INFO | Text preprocessing completed.
2026-07-25 10:43:41,104 | INFO | DataFrame preprocessing completed.
2026-07-25 10:43:41,128 | INFO | Text tokenized successfully.
2026-07-25 10:43:41,128 | INFO | Text tokenized successfully.
2026-07-25 10:43:41,128 | INFO | Text tokenized successfully.
2026-07-25 10:43:41,128 | INFO | Text tokenized successfully.
2026-07-25 10:43:41,129 | INFO | Text tokenized successfully.
2026-07-25 10:43:41,129 | INFO | Text tokenized successfully.
2026-07-25 10:43:41,129 | INFO | Text tokenized successfully.
2026-07-25 10:43:41,129 | INFO | Text tokenized successfully.
2026-07-25 10:43:41,129 | INFO | Text tokenized successfully.
2026-07-25 10:43:41,130 | INFO | Text tokenized successfully.
2026-07-25 10:43:41,130 | INFO | Text tokenized successfully.
2026-07-25 10:43:41,130 | INFO | Text tokenized successfully.
2026-07-25 10:43:41,130 | INFO | Text tokenized successfully.
2026-07-25 10:43:41,130 | INFO | Text tokenized successfully.
2026-07-25 10:43:41,131 | INFO | Text tokenized successfully.
2026-07-25 10:43:41,131 | INFO | Text tokenized successfully.
2026-07-25 10:43:41,131 | INFO | Text tokenized successfully.
2026-07-25 10:43:41,131 | INFO | Text tokenized successfully.
2026-07-25 10:43:41,131 | INFO | Text tokenized successfully.
2026-07-25 10:43:41,131 | INFO | Text tokenized successfully.
2026-07-25 10:43:41,131 | INFO | Text tokenized successfully.
2026-07-25 10:43:41,131 | INFO | Text tokenized successfully.
2026-07-25 10:43:41,132 | INFO | Text tokenized successfully.
2026-07-25 10:43:41,132 | INFO | Text tokenized successfully.
2026-07-25 10:43:41,132 | INFO | Text tokenized successfully.
2026-07-25 10:43:41,132 | INFO | DataFrame tokenization completed.
2026-07-25 10:43:41,161 | INFO | Keyword extraction completed.
2026-07-25 10:43:41,181 | INFO | News classification model trained successfully.
2026-07-25 10:43:41,194 | INFO | News classification completed.
2026-07-25 10:43:41,214 | INFO | Sentiment analysis completed.
2026-07-25 10:43:54,361 | INFO | Category chart generated.
2026-07-25 10:43:54,447 | INFO | Sentiment chart generated.
2026-07-25 10:44:06,410 | INFO | Category chart generated.
2026-07-25 10:44:06,487 | INFO | Sentiment chart generated.
2026-07-25 10:44:07,008 | INFO | Word cloud generated.
